─── ReportError ────────────────────────────────────────────────────────────────
# Error! test error ``
    | We are sorry you encountered this error.
    ! Press Enter to open an issue on Github.
─── Browserless ────────────────────────────────────────────────────────────────
# Error! test error ``
    | We are sorry you encountered this error.
    ! Press Enter to open an issue on Github.
    ! Unable to open browser. Please open this URL in a browser to continue: https://github.com/anchordotdev/cli/issues/new?body=%2A%2AAre+there+any+additional+details+you+would+like+to+share%3F%2A%2A%0A%0A---%0A%0A%2A%2ACommand%3A%2A%2A+%60%60%0A%2A%2AVersion%3A%2A%2A+%60dev+%28darwin%2Farm64%29+Commit%3A+none+BuildDate%3A+unknown%60%0A%2A%2AArguments%3A%2A%2A+%60%5B%5D%60%0A%2A%2AFlags%3A%2A%2A+%60%5B%5D%60%0A%2A%2AStdout%3A%2A%2A%0A%60%60%60%0A%0A%60%60%60%0A&title=Error%3A+test+error
