─── TestHeader ─────────────────────────────────────────────────────────────────
# Test error `anchor test error`
─── TestHint ───────────────────────────────────────────────────────────────────
# Test error `anchor test error`
    | Test error Hint.
─── ReportError ────────────────────────────────────────────────────────────────
# Test error `anchor test error`
    | Test error Hint.
# Error! test error ``
    | We are sorry you encountered this error.
    ! Press Enter to open an issue on Github.
─── Browserless ────────────────────────────────────────────────────────────────
# Test error `anchor test error`
    | Test error Hint.
# Error! test error ``
    | We are sorry you encountered this error.
    ! Press Enter to open an issue on Github.
! Warning: Unable to open browser.
    ! Open this in a browser to continue: https://github.com/anchordotdev/cli/issues/new?body=%2A%2AAre+there+any+additional+details+you+would+like+to+share%3F%2A%2A%0A%0A---%0A%0A%2A%2ACommand%3A%2A%2A+%60anchor%60%0A%2A%2AExecutable%3A%2A%2A+%60C%3A%5CUsers%5Cusername%5CAppData%5CLocal%5CTemp%5Cgo-build0123456789%2Fb001%2Fexe%2Fanchor.exe%60%0A%2A%2AVersion%3A%2A%2A+%60dev+%28goos%2Fgoarch%29+Commit%3A+none+BuildDate%3A+unknown%60%0A%2A%2AArguments%3A%2A%2A+%60%5B%5D%60%0A%2A%2AFlags%3A%2A%2A+%60%5B%5D%60%0A%2A%2ATimestamp%3A%2A%2A+%602024-01-02T15%3A04%3A05.987654321Z%60%0A%2A%2AStdout%3A%2A%2A%0A%60%60%60%0A%23+Test+error+%60anchor+test+error%60%0A++++%7C+Test+error+Hint.%0A%60%60%60%0A&title=Error%3A+test+error.
