─── ConfigVia ──────────────────────────────────────────────────────────────────
    - Using env-org organization from env. You can also use `--org env-org`.
