─── ConfigVia ──────────────────────────────────────────────────────────────────
    - Using flag-org organization from flag. You can also use `--org flag-org`.
