─── ConfigVia ──────────────────────────────────────────────────────────────────
    - Using toml-org organization from anchor.toml. You can also use `--org toml-org`.
