─── VersionHeader ──────────────────────────────────────────────────────────────
                                    
# Show Version Info `anchor version'
─── Version ────────────────────────────────────────────────────────────────────
                                    
# Show Version Info `anchor version'
dev (windows/amd64) Commit: none BuildDate: unknown
