â”€â”€â”€ TestHeader â”€â”€â”€â”€â”€â”€â”€â”€â”€â”€â”€â”€â”€â”€â”€â”€â”€â”€â”€â”€â”€â”€â”€â”€â”€â”€â”€â”€â”€â”€â”€â”€â”€â”€â”€â”€â”€â”€â”€â”€â”€â”€â”€â”€â”€â”€â”€â”€â”€â”€â”€â”€â”€â”€â”€â”€â”€â”€â”€â”€â”€â”€â”€â”€â”€
[1m# Test panic [2m`anchor test panic`[0m[0m
â”€â”€â”€ TestHint â”€â”€â”€â”€â”€â”€â”€â”€â”€â”€â”€â”€â”€â”€â”€â”€â”€â”€â”€â”€â”€â”€â”€â”€â”€â”€â”€â”€â”€â”€â”€â”€â”€â”€â”€â”€â”€â”€â”€â”€â”€â”€â”€â”€â”€â”€â”€â”€â”€â”€â”€â”€â”€â”€â”€â”€â”€â”€â”€â”€â”€â”€â”€â”€â”€â”€â”€
[1m# Test panic [2m`anchor test panic`[0m[0m
[2m    | Test panic Hint.[0m
â”€â”€â”€ ReportError â”€â”€â”€â”€â”€â”€â”€â”€â”€â”€â”€â”€â”€â”€â”€â”€â”€â”€â”€â”€â”€â”€â”€â”€â”€â”€â”€â”€â”€â”€â”€â”€â”€â”€â”€â”€â”€â”€â”€â”€â”€â”€â”€â”€â”€â”€â”€â”€â”€â”€â”€â”€â”€â”€â”€â”€â”€â”€â”€â”€â”€â”€â”€â”€
[1m# Test panic [2m`anchor test panic`[0m[0m
[2m    | Test panic Hint.[0m
[1m# [1;38;2;206;68;51mError![0m test panic [2m``[0m[0m
[2m    | We are sorry you encountered this error.[0m
    ! [1;38;2;255;96;0mPress Enter[0m to open an issue on Github.
â”€â”€â”€ Browserless â”€â”€â”€â”€â”€â”€â”€â”€â”€â”€â”€â”€â”€â”€â”€â”€â”€â”€â”€â”€â”€â”€â”€â”€â”€â”€â”€â”€â”€â”€â”€â”€â”€â”€â”€â”€â”€â”€â”€â”€â”€â”€â”€â”€â”€â”€â”€â”€â”€â”€â”€â”€â”€â”€â”€â”€â”€â”€â”€â”€â”€â”€â”€â”€
[1m# Test panic [2m`anchor test panic`[0m[0m
[2m    | Test panic Hint.[0m
[1m# [1;38;2;206;68;51mError![0m test panic [2m``[0m[0m
[2m    | We are sorry you encountered this error.[0m
    ! [1;38;2;255;96;0mPress Enter[0m to open an issue on Github.
[1m! Warning: Unable to open browser.[0m
    ! [1;38;2;255;96;0mOpen[0m this in a browser to continue: [4;2;4mh[0m[4;2;4mt[0m[4;2;4mt[0m[4;2;4mp[0m[4;2;4ms[0m[4;2;4m:[0m[4;2;4m/[0m[4;2;4m/[0m[4;2;4mg[0m[4;2;4mi[0m[4;2;4mt[0m[4;2;4mh[0m[4;2;4mu[0m[4;2;4mb[0m[4;2;4m.[0m[4;2;4mc[0m[4;2;4mo[0m[4;2;4mm[0m[4;2;4m/[0m[4;2;4ma[0m[4;2;4mn[0m[4;2;4mc[0m[4;2;4mh[0m[4;2;4mo[0m[4;2;4mr[0m[4;2;4md[0m[4;2;4mo[0m[4;2;4mt[0m[4;2;4md[0m[4;2;4me[0m[4;2;4mv[0m[4;2;4m/[0m[4;2;4mc[0m[4;2;4ml[0m[4;2;4mi[0m[4;2;4m/[0m[4;2;4mi[0m[4;2;4ms[0m[4;2;4ms[0m[4;2;4mu[0m[4;2;4me[0m[4;2;4ms[0m[4;2;4m/[0m[4;2;4mn[0m[4;2;4me[0m[4;2;4mw[0m[4;2;4m?[0m[4;2;4mb[0m[4;2;4mo[0m[4;2;4md[0m[4;2;4my[0m[4;2;4m=[0m[4;2;4m%[0m[4;2;4m2[0m[4;2;4mA[0m[4;2;4m%[0m[4;2;4m2[0m[4;2;4mA[0m[4;2;4mA[0m[4;2;4mr[0m[4;2;4me[0m[4;2;4m+[0m[4;2;4mt[0m[4;2;4mh[0m[4;2;4me[0m[4;2;4mr[0m[4;2;4me[0m[4;2;4m+[0m[4;2;4ma[0m[4;2;4mn[0m[4;2;4my[0m[4;2;4m+[0m[4;2;4ma[0m[4;2;4md[0m[4;2;4md[0m[4;2;4mi[0m[4;2;4mt[0m[4;2;4mi[0m[4;2;4mo[0m[4;2;4mn[0m[4;2;4ma[0m[4;2;4ml[0m[4;2;4m+[0m[4;2;4md[0m[4;2;4me[0m[4;2;4mt[0m[4;2;4ma[0m[4;2;4mi[0m[4;2;4ml[0m[4;2;4ms[0m[4;2;4m+[0m[4;2;4my[0m[4;2;4mo[0m[4;2;4mu[0m[4;2;4m+[0m[4;2;4mw[0m[4;2;4mo[0m[4;2;4mu[0m[4;2;4ml[0m[4;2;4md[0m[4;2;4m+[0m[4;2;4ml[0m[4;2;4mi[0m[4;2;4mk[0m[4;2;4me[0m[4;2;4m+[0m[4;2;4mt[0m[4;2;4mo[0m[4;2;4m+[0m[4;2;4ms[0m[4;2;4mh[0m[4;2;4ma[0m[4;2;4mr[0m[4;2;4me[0m[4;2;4m%[0m[4;2;4m3[0m[4;2;4mF[0m[4;2;4m%[0m[4;2;4m2[0m[4;2;4mA[0m[4;2;4m%[0m[4;2;4m2[0m[4;2;4mA[0m[4;2;4m%[0m[4;2;4m0[0m[4;2;4mA[0m[4;2;4m%[0m[4;2;4m0[0m[4;2;4mA[0m[4;2;4m-[0m[4;2;4m-[0m[4;2;4m-[0m[4;2;4m%[0m[4;2;4m0[0m[4;2;4mA[0m[4;2;4m%[0m[4;2;4m0[0m[4;2;4mA[0m[4;2;4m%[0m[4;2;4m2[0m[4;2;4mA[0m[4;2;4m%[0m[4;2;4m2[0m[4;2;4mA[0m[4;2;4mC[0m[4;2;4mo[0m[4;2;4mm[0m[4;2;4mm[0m[4;2;4ma[0m[4;2;4mn[0m[4;2;4md[0m[4;2;4m%[0m[4;2;4m3[0m[4;2;4mA[0m[4;2;4m%[0m[4;2;4m2[0m[4;2;4mA[0m[4;2;4m%[0m[4;2;4m2[0m[4;2;4mA[0m[4;2;4m+[0m[4;2;4m%[0m[4;2;4m6[0m[4;2;4m0[0m[4;2;4m%[0m[4;2;4m6[0m[4;2;4m0[0m[4;2;4m%[0m[4;2;4m0[0m[4;2;4mA[0m[4;2;4m%[0m[4;2;4m2[0m[4;2;4mA[0m[4;2;4m%[0m[4;2;4m2[0m[4;2;4mA[0m[4;2;4mV[0m[4;2;4me[0m[4;2;4mr[0m[4;2;4ms[0m[4;2;4mi[0m[4;2;4mo[0m[4;2;4mn[0m[4;2;4m%[0m[4;2;4m3[0m[4;2;4mA[0m[4;2;4m%[0m[4;2;4m2[0m[4;2;4mA[0m[4;2;4m%[0m[4;2;4m2[0m[4;2;4mA[0m[4;2;4m+[0m[4;2;4m%[0m[4;2;4m6[0m[4;2;4m0[0m[4;2;4md[0m[4;2;4me[0m[4;2;4mv[0m[4;2;4m+[0m[4;2;4m%[0m[4;2;4m2[0m[4;2;4m8[0m[4;2;4mg[0m[4;2;4mo[0m[4;2;4mo[0m[4;2;4ms[0m[4;2;4m%[0m[4;2;4m2[0m[4;2;4mF[0m[4;2;4mg[0m[4;2;4mo[0m[4;2;4ma[0m[4;2;4mr[0m[4;2;4mc[0m[4;2;4mh[0m[4;2;4m%[0m[4;2;4m2[0m[4;2;4m9[0m[4;2;4m+[0m[4;2;4mC[0m[4;2;4mo[0m[4;2;4mm[0m[4;2;4mm[0m[4;2;4mi[0m[4;2;4mt[0m[4;2;4m%[0m[4;2;4m3[0m[4;2;4mA[0m[4;2;4m+[0m[4;2;4mn[0m[4;2;4mo[0m[4;2;4mn[0m[4;2;4me[0m[4;2;4m+[0m[4;2;4mB[0m[4;2;4mu[0m[4;2;4mi[0m[4;2;4ml[0m[4;2;4md[0m[4;2;4mD[0m[4;2;4ma[0m[4;2;4mt[0m[4;2;4me[0m[4;2;4m%[0m[4;2;4m3[0m[4;2;4mA[0m[4;2;4m+[0m[4;2;4mu[0m[4;2;4mn[0m[4;2;4mk[0m[4;2;4mn[0m[4;2;4mo[0m[4;2;4mw[0m[4;2;4mn[0m[4;2;4m%[0m[4;2;4m6[0m[4;2;4m0[0m[4;2;4m%[0m[4;2;4m0[0m[4;2;4mA[0m[4;2;4m%[0m[4;2;4m2[0m[4;2;4mA[0m[4;2;4m%[0m[4;2;4m2[0m[4;2;4mA[0m[4;2;4mA[0m[4;2;4mr[0m[4;2;4mg[0m[4;2;4mu[0m[4;2;4mm[0m[4;2;4me[0m[4;2;4mn[0m[4;2;4mt[0m[4;2;4ms[0m[4;2;4m%[0m[4;2;4m3[0m[4;2;4mA[0m[4;2;4m%[0m[4;2;4m2[0m[4;2;4mA[0m[4;2;4m%[0m[4;2;4m2[0m[4;2;4mA[0m[4;2;4m+[0m[4;2;4m%[0m[4;2;4m6[0m[4;2;4m0[0m[4;2;4m%[0m[4;2;4m5[0m[4;2;4mB[0m[4;2;4m%[0m[4;2;4m5[0m[4;2;4mD[0m[4;2;4m%[0m[4;2;4m6[0m[4;2;4m0[0m[4;2;4m%[0m[4;2;4m0[0m[4;2;4mA[0m[4;2;4m%[0m[4;2;4m2[0m[4;2;4mA[0m[4;2;4m%[0m[4;2;4m2[0m[4;2;4mA[0m[4;2;4mF[0m[4;2;4ml[0m[4;2;4ma[0m[4;2;4mg[0m[4;2;4ms[0m[4;2;4m%[0m[4;2;4m3[0m[4;2;4mA[0m[4;2;4m%[0m[4;2;4m2[0m[4;2;4mA[0m[4;2;4m%[0m[4;2;4m2[0m[4;2;4mA[0m[4;2;4m+[0m[4;2;4m%[0m[4;2;4m6[0m[4;2;4m0[0m[4;2;4m%[0m[4;2;4m5[0m[4;2;4mB[0m[4;2;4m%[0m[4;2;4m5[0m[4;2;4mD[0m[4;2;4m%[0m[4;2;4m6[0m[4;2;4m0[0m[4;2;4m%[0m[4;2;4m0[0m[4;2;4mA[0m[4;2;4m%[0m[4;2;4m2[0m[4;2;4mA[0m[4;2;4m%[0m[4;2;4m2[0m[4;2;4mA[0m[4;2;4mS[0m[4;2;4mt[0m[4;2;4ma[0m[4;2;4mc[0m[4;2;4mk[0m[4;2;4m%[0m[4;2;4m3[0m[4;2;4mA[0m[4;2;4m%[0m[4;2;4m2[0m[4;2;4mA[0m[4;2;4m%[0m[4;2;4m2[0m[4;2;4mA[0m[4;2;4m%[0m[4;2;4m0[0m[4;2;4mA[0m[4;2;4m%[0m[4;2;4m6[0m[4;2;4m0[0m[4;2;4m%[0m[4;2;4m6[0m[4;2;4m0[0m[4;2;4m%[0m[4;2;4m6[0m[4;2;4m0[0m[4;2;4m%[0m[4;2;4m0[0m[4;2;4mA[0m[4;2;4mp[0m[4;2;4ma[0m[4;2;4mn[0m[4;2;4mi[0m[4;2;4mc[0m[4;2;4m%[0m[4;2;4m2[0m[4;2;4m8[0m[4;2;4m%[0m[4;2;4m7[0m[4;2;4mB[0m[4;2;4m%[0m[4;2;4m3[0m[4;2;4mC[0m[4;2;4mh[0m[4;2;4me[0m[4;2;4mx[0m[4;2;4m%[0m[4;2;4m3[0m[4;2;4mE[0m[4;2;4m%[0m[4;2;4m2[0m[4;2;4mC[0m[4;2;4m+[0m[4;2;4m%[0m[4;2;4m3[0m[4;2;4mC[0m[4;2;4mh[0m[4;2;4me[0m[4;2;4mx[0m[4;2;4m%[0m[4;2;4m3[0m[4;2;4mE[0m[4;2;4m%[0m[4;2;4m7[0m[4;2;4mD[0m[4;2;4m%[0m[4;2;4m2[0m[4;2;4m9[0m[4;2;4m%[0m[4;2;4m0[0m[4;2;4mA[0m[4;2;4m%[0m[4;2;4m0[0m[4;2;4m9[0m[4;2;4mC[0m[4;2;4m%[0m[4;2;4m3[0m[4;2;4mA[0m[4;2;4m%[0m[4;2;4m2[0m[4;2;4mF[0m[4;2;4mh[0m[4;2;4mo[0m[4;2;4ms[0m[4;2;4mt[0m[4;2;4me[0m[4;2;4md[0m[4;2;4mt[0m[4;2;4mo[0m[4;2;4mo[0m[4;2;4ml[0m[4;2;4mc[0m[4;2;4ma[0m[4;2;4mc[0m[4;2;4mh[0m[4;2;4me[0m[4;2;4m%[0m[4;2;4m2[0m[4;2;4mF[0m[4;2;4mw[0m[4;2;4mi[0m[4;2;4mn[0m[4;2;4md[0m[4;2;4mo[0m[4;2;4mw[0m[4;2;4ms[0m[4;2;4m%[0m[4;2;4m2[0m[4;2;4mF[0m[4;2;4mg[0m[4;2;4mo[0m[4;2;4m%[0m[4;2;4m2[0m[4;2;4mF[0m[4;2;4m1[0m[4;2;4m.[0m[4;2;4m2[0m[4;2;4m1[0m[4;2;4m.[0m[4;2;4m9[0m[4;2;4m%[0m[4;2;4m2[0m[4;2;4mF[0m[4;2;4mx[0m[4;2;4m6[0m[4;2;4m4[0m[4;2;4m%[0m[4;2;4m2[0m[4;2;4mF[0m[4;2;4ms[0m[4;2;4mr[0m[4;2;4mc[0m[4;2;4m%[0m[4;2;4m2[0m[4;2;4mF[0m[4;2;4mr[0m[4;2;4mu[0m[4;2;4mn[0m[4;2;4mt[0m[4;2;4mi[0m[4;2;4mm[0m[4;2;4me[0m[4;2;4m%[0m[4;2;4m2[0m[4;2;4mF[0m[4;2;4mp[0m[4;2;4ma[0m[4;2;4mn[0m[4;2;4mi[0m[4;2;4mc[0m[4;2;4m.[0m[4;2;4mg[0m[4;2;4mo[0m[4;2;4m%[0m[4;2;4m3[0m[4;2;4mA[0m[4;2;4m9[0m[4;2;4m2[0m[4;2;4m0[0m[4;2;4m+[0m[4;2;4m%[0m[4;2;4m2[0m[4;2;4mB[0m[4;2;4m%[0m[4;2;4m3[0m[4;2;4mC[0m[4;2;4mh[0m[4;2;4me[0m[4;2;4mx[0m[4;2;4m%[0m[4;2;4m3[0m[4;2;4mE[0m[4;2;4m%[0m[4;2;4m0[0m[4;2;4mA[0m[4;2;4mg[0m[4;2;4mi[0m[4;2;4mt[0m[4;2;4mh[0m[4;2;4mu[0m[4;2;4mb[0m[4;2;4m.[0m[4;2;4mc[0m[4;2;4mo[0m[4;2;4mm[0m[4;2;4m%[0m[4;2;4m2[0m[4;2;4mF[0m[4;2;4ma[0m[4;2;4mn[0m[4;2;4mc[0m[4;2;4mh[0m[4;2;4mo[0m[4;2;4mr[0m[4;2;4md[0m[4;2;4mo[0m[4;2;4mt[0m[4;2;4md[0m[4;2;4me[0m[4;2;4mv[0m[4;2;4m%[0m[4;2;4m2[0m[4;2;4mF[0m[4;2;4mc[0m[4;2;4ml[0m[4;2;4mi[0m[4;2;4m_[0m[4;2;4mt[0m[4;2;4me[0m[4;2;4ms[0m[4;2;4mt[0m[4;2;4m.[0m[4;2;4m%[0m[4;2;4m2[0m[4;2;4m8[0m[4;2;4m%[0m[4;2;4m2[0m[4;2;4mA[0m[4;2;4mP[0m[4;2;4ma[0m[4;2;4mn[0m[4;2;4mi[0m[4;2;4mc[0m[4;2;4mC[0m[4;2;4mo[0m[4;2;4mm[0m[4;2;4mm[0m[4;2;4ma[0m[4;2;4mn[0m[4;2;4md[0m[4;2;4m%[0m[4;2;4m2[0m[4;2;4m9[0m[4;2;4m.[0m[4;2;4mr[0m[4;2;4mu[0m[4;2;4mn[0m[4;2;4m%[0m[4;2;4m2[0m[4;2;4m8[0m[4;2;4m%[0m[4;2;4m3[0m[4;2;4mC[0m[4;2;4mh[0m[4;2;4me[0m[4;2;4mx[0m[4;2;4m%[0m[4;2;4m3[0m[4;2;4mE[0m[4;2;4m%[0m[4;2;4m2[0m[4;2;4mC[0m[4;2;4m+[0m[4;2;4m%[0m[4;2;4m7[0m[4;2;4mB[0m[4;2;4m%[0m[4;2;4m3[0m[4;2;4mC[0m[4;2;4mh[0m[4;2;4me[0m[4;2;4mx[0m[4;2;4m%[0m[4;2;4m3[0m[4;2;4mE[0m[4;2;4m%[0m[4;2;4m2[0m[4;2;4mC[0m[4;2;4m+[0m[4;2;4m%[0m[4;2;4m3[0m[4;2;4mC[0m[4;2;4mh[0m[4;2;4me[0m[4;2;4mx[0m[4;2;4m%[0m[4;2;4m3[0m[4;2;4mE[0m[4;2;4m%[0m[4;2;4m7[0m[4;2;4mD[0m[4;2;4m%[0m[4;2;4m2[0m[4;2;4mC[0m[4;2;4m+[0m[4;2;4m%[0m[4;2;4m3[0m[4;2;4mC[0m[4;2;4mh[0m[4;2;4me[0m[4;2;4mx[0m[4;2;4m%[0m[4;2;4m3[0m[4;2;4mE[0m[4;2;4m%[0m[4;2;4m2[0m[4;2;4m9[0m[4;2;4m%[0m[4;2;4m0[0m[4;2;4mA[0m[4;2;4m%[0m[4;2;4m0[0m[4;2;4m9[0m[4;2;4mD[0m[4;2;4m%[0m[4;2;4m3[0m[4;2;4mA[0m[4;2;4m%[0m[4;2;4m2[0m[4;2;4mF[0m[4;2;4ma[0m[4;2;4m%[0m[4;2;4m2[0m[4;2;4mF[0m[4;2;4ma[0m[4;2;4mn[0m[4;2;4mc[0m[4;2;4mh[0m[4;2;4mo[0m[4;2;4mr[0m[4;2;4m%[0m[4;2;4m2[0m[4;2;4mF[0m[4;2;4ma[0m[4;2;4mn[0m[4;2;4mc[0m[4;2;4mh[0m[4;2;4mo[0m[4;2;4mr[0m[4;2;4m%[0m[4;2;4m2[0m[4;2;4mF[0m[4;2;4mc[0m[4;2;4ml[0m[4;2;4mi[0m[4;2;4m%[0m[4;2;4m2[0m[4;2;4mF[0m[4;2;4mc[0m[4;2;4ml[0m[4;2;4mi[0m[4;2;4m_[0m[4;2;4mt[0m[4;2;4me[0m[4;2;4ms[0m[4;2;4mt[0m[4;2;4m.[0m[4;2;4mg[0m[4;2;4mo[0m[4;2;4m%[0m[4;2;4m3[0m[4;2;4mA[0m[4;2;4m1[0m[4;2;4m1[0m[4;2;4m0[0m[4;2;4m+[0m[4;2;4m%[0m[4;2;4m2[0m[4;2;4mB[0m[4;2;4m%[0m[4;2;4m3[0m[4;2;4mC[0m[4;2;4mh[0m[4;2;4me[0m[4;2;4mx[0m[4;2;4m%[0m[4;2;4m3[0m[4;2;4mE[0m[4;2;4m%[0m[4;2;4m0[0m[4;2;4mA[0m[4;2;4mg[0m[4;2;4mi[0m[4;2;4mt[0m[4;2;4mh[0m[4;2;4mu[0m[4;2;4mb[0m[4;2;4m.[0m[4;2;4mc[0m[4;2;4mo[0m[4;2;4mm[0m[4;2;4m%[0m[4;2;4m2[0m[4;2;4mF[0m[4;2;4ma[0m[4;2;4mn[0m[4;2;4mc[0m[4;2;4mh[0m[4;2;4mo[0m[4;2;4mr[0m[4;2;4md[0m[4;2;4mo[0m[4;2;4mt[0m[4;2;4md[0m[4;2;4me[0m[4;2;4mv[0m[4;2;4m%[0m[4;2;4m2[0m[4;2;4mF[0m[4;2;4mc[0m[4;2;4ml[0m[4;2;4mi[0m[4;2;4m_[0m[4;2;4mt[0m[4;2;4me[0m[4;2;4ms[0m[4;2;4mt[0m[4;2;4m.[0m[4;2;4mT[0m[4;2;4me[0m[4;2;4ms[0m[4;2;4mt[0m[4;2;4mP[0m[4;2;4ma[0m[4;2;4mn[0m[4;2;4mi[0m[4;2;4mc[0m[4;2;4m.[0m[4;2;4mf[0m[4;2;4mu[0m[4;2;4mn[0m[4;2;4mc[0m[4;2;4m1[0m[4;2;4m%[0m[4;2;4m2[0m[4;2;4m8[0m[4;2;4m%[0m[4;2;4m3[0m[4;2;4mC[0m[4;2;4mh[0m[4;2;4me[0m[4;2;4mx[0m[4;2;4m%[0m[4;2;4m3[0m[4;2;4mE[0m[4;2;4m%[0m[4;2;4m2[0m[4;2;4m9[0m[4;2;4m%[0m[4;2;4m0[0m[4;2;4mA[0m[4;2;4m%[0m[4;2;4m0[0m[4;2;4m9[0m[4;2;4mD[0m[4;2;4m%[0m[4;2;4m3[0m[4;2;4mA[0m[4;2;4m%[0m[4;2;4m2[0m[4;2;4mF[0m[4;2;4ma[0m[4;2;4m%[0m[4;2;4m2[0m[4;2;4mF[0m[4;2;4ma[0m[4;2;4mn[0m[4;2;4mc[0m[4;2;4mh[0m[4;2;4mo[0m[4;2;4mr[0m[4;2;4m%[0m[4;2;4m2[0m[4;2;4mF[0m[4;2;4ma[0m[4;2;4mn[0m[4;2;4mc[0m[4;2;4mh[0m[4;2;4mo[0m[4;2;4mr[0m[4;2;4m%[0m[4;2;4m2[0m[4;2;4mF[0m[4;2;4mc[0m[4;2;4ml[0m[4;2;4mi[0m[4;2;4m%[0m[4;2;4m2[0m[4;2;4mF[0m[4;2;4mc[0m[4;2;4ml[0m[4;2;4mi[0m[4;2;4m_[0m[4;2;4mt[0m[4;2;4me[0m[4;2;4ms[0m[4;2;4mt[0m[4;2;4m.[0m[4;2;4mg[0m[4;2;4mo[0m[4;2;4m%[0m[4;2;4m3[0m[4;2;4mA[0m[4;2;4m1[0m[4;2;4m3[0m[4;2;4m9[0m[4;2;4m+[0m[4;2;4m%[0m[4;2;4m2[0m[4;2;4mB[0m[4;2;4m%[0m[4;2;4m3[0m[4;2;4mC[0m[4;2;4mh[0m[4;2;4me[0m[4;2;4mx[0m[4;2;4m%[0m[4;2;4m3[0m[4;2;4mE[0m[4;2;4m%[0m[4;2;4m0[0m[4;2;4mA[0m[4;2;4mt[0m[4;2;4me[0m[4;2;4ms[0m[4;2;4mt[0m[4;2;4mi[0m[4;2;4mn[0m[4;2;4mg[0m[4;2;4m.[0m[4;2;4mt[0m[4;2;4mR[0m[4;2;4mu[0m[4;2;4mn[0m[4;2;4mn[0m[4;2;4me[0m[4;2;4mr[0m[4;2;4m%[0m[4;2;4m2[0m[4;2;4m8[0m[4;2;4m%[0m[4;2;4m3[0m[4;2;4mC[0m[4;2;4mh[0m[4;2;4me[0m[4;2;4mx[0m[4;2;4m%[0m[4;2;4m3[0m[4;2;4mE[0m[4;2;4m%[0m[4;2;4m2[0m[4;2;4mC[0m[4;2;4m+[0m[4;2;4m%[0m[4;2;4m3[0m[4;2;4mC[0m[4;2;4mh[0m[4;2;4me[0m[4;2;4mx[0m[4;2;4m%[0m[4;2;4m3[0m[4;2;4mE[0m[4;2;4m%[0m[4;2;4m2[0m[4;2;4m9[0m[4;2;4m%[0m[4;2;4m0[0m[4;2;4mA[0m[4;2;4m%[0m[4;2;4m0[0m[4;2;4m9[0m[4;2;4mC[0m[4;2;4m%[0m[4;2;4m3[0m[4;2;4mA[0m[4;2;4m%[0m[4;2;4m2[0m[4;2;4mF[0m[4;2;4mh[0m[4;2;4mo[0m[4;2;4ms[0m[4;2;4mt[0m[4;2;4me[0m[4;2;4md[0m[4;2;4mt[0m[4;2;4mo[0m[4;2;4mo[0m[4;2;4ml[0m[4;2;4mc[0m[4;2;4ma[0m[4;2;4mc[0m[4;2;4mh[0m[4;2;4me[0m[4;2;4m%[0m[4;2;4m2[0m[4;2;4mF[0m[4;2;4mw[0m[4;2;4mi[0m[4;2;4mn[0m[4;2;4md[0m[4;2;4mo[0m[4;2;4mw[0m[4;2;4ms[0m[4;2;4m%[0m[4;2;4m2[0m[4;2;4mF[0m[4;2;4mg[0m[4;2;4mo[0m[4;2;4m%[0m[4;2;4m2[0m[4;2;4mF[0m[4;2;4m1[0m[4;2;4m.[0m[4;2;4m2[0m[4;2;4m1[0m[4;2;4m.[0m[4;2;4m9[0m[4;2;4m%[0m[4;2;4m2[0m[4;2;4mF[0m[4;2;4mx[0m[4;2;4m6[0m[4;2;4m4[0m[4;2;4m%[0m[4;2;4m2[0m[4;2;4mF[0m[4;2;4ms[0m[4;2;4mr[0m[4;2;4mc[0m[4;2;4m%[0m[4;2;4m2[0m[4;2;4mF[0m[4;2;4mt[0m[4;2;4me[0m[4;2;4ms[0m[4;2;4mt[0m[4;2;4mi[0m[4;2;4mn[0m[4;2;4mg[0m[4;2;4m%[0m[4;2;4m2[0m[4;2;4mF[0m[4;2;4mt[0m[4;2;4me[0m[4;2;4ms[0m[4;2;4mt[0m[4;2;4mi[0m[4;2;4mn[0m[4;2;4mg[0m[4;2;4m.[0m[4;2;4mg[0m[4;2;4mo[0m[4;2;4m%[0m[4;2;4m3[0m[4;2;4mA[0m[4;2;4m1[0m[4;2;4m5[0m[4;2;4m9[0m[4;2;4m5[0m[4;2;4m+[0m[4;2;4m%[0m[4;2;4m2[0m[4;2;4mB[0m[4;2;4m%[0m[4;2;4m3[0m[4;2;4mC[0m[4;2;4mh[0m[4;2;4me[0m[4;2;4mx[0m[4;2;4m%[0m[4;2;4m3[0m[4;2;4mE[0m[4;2;4m%[0m[4;2;4m0[0m[4;2;4mA[0m[4;2;4mc[0m[4;2;4mr[0m[4;2;4me[0m[4;2;4ma[0m[4;2;4mt[0m[4;2;4me[0m[4;2;4md[0m[4;2;4m+[0m[4;2;4mb[0m[4;2;4my[0m[4;2;4m+[0m[4;2;4mt[0m[4;2;4me[0m[4;2;4ms[0m[4;2;4mt[0m[4;2;4mi[0m[4;2;4mn[0m[4;2;4mg[0m[4;2;4m.[0m[4;2;4m%[0m[4;2;4m2[0m[4;2;4m8[0m[4;2;4m%[0m[4;2;4m2[0m[4;2;4mA[0m[4;2;4mT[0m[4;2;4m%[0m[4;2;4m2[0m[4;2;4m9[0m[4;2;4m.[0m[4;2;4mR[0m[4;2;4mu[0m[4;2;4mn[0m[4;2;4m+[0m[4;2;4mi[0m[4;2;4mn[0m[4;2;4m+[0m[4;2;4mg[0m[4;2;4mo[0m[4;2;4mu[0m[4;2;4mr[0m[4;2;4mo[0m[4;2;4mu[0m[4;2;4mt[0m[4;2;4mi[0m[4;2;4mn[0m[4;2;4me[0m[4;2;4m+[0m[4;2;4m%[0m[4;2;4m3[0m[4;2;4mC[0m[4;2;4mi[0m[4;2;4mn[0m[4;2;4mt[0m[4;2;4m%[0m[4;2;4m3[0m[4;2;4mE[0m[4;2;4m%[0m[4;2;4m0[0m[4;2;4mA[0m[4;2;4m%[0m[4;2;4m0[0m[4;2;4m9[0m[4;2;4mC[0m[4;2;4m%[0m[4;2;4m3[0m[4;2;4mA[0m[4;2;4m%[0m[4;2;4m2[0m[4;2;4mF[0m[4;2;4mh[0m[4;2;4mo[0m[4;2;4ms[0m[4;2;4mt[0m[4;2;4me[0m[4;2;4md[0m[4;2;4mt[0m[4;2;4mo[0m[4;2;4mo[0m[4;2;4ml[0m[4;2;4mc[0m[4;2;4ma[0m[4;2;4mc[0m[4;2;4mh[0m[4;2;4me[0m[4;2;4m%[0m[4;2;4m2[0m[4;2;4mF[0m[4;2;4mw[0m[4;2;4mi[0m[4;2;4mn[0m[4;2;4md[0m[4;2;4mo[0m[4;2;4mw[0m[4;2;4ms[0m[4;2;4m%[0m[4;2;4m2[0m[4;2;4mF[0m[4;2;4mg[0m[4;2;4mo[0m[4;2;4m%[0m[4;2;4m2[0m[4;2;4mF[0m[4;2;4m1[0m[4;2;4m.[0m[4;2;4m2[0m[4;2;4m1[0m[4;2;4m.[0m[4;2;4m9[0m[4;2;4m%[0m[4;2;4m2[0m[4;2;4mF[0m[4;2;4mx[0m[4;2;4m6[0m[4;2;4m4[0m[4;2;4m%[0m[4;2;4m2[0m[4;2;4mF[0m[4;2;4ms[0m[4;2;4mr[0m[4;2;4mc[0m[4;2;4m%[0m[4;2;4m2[0m[4;2;4mF[0m[4;2;4mt[0m[4;2;4me[0m[4;2;4ms[0m[4;2;4mt[0m[4;2;4mi[0m[4;2;4mn[0m[4;2;4mg[0m[4;2;4m%[0m[4;2;4m2[0m[4;2;4mF[0m[4;2;4mt[0m[4;2;4me[0m[4;2;4ms[0m[4;2;4mt[0m[4;2;4mi[0m[4;2;4mn[0m[4;2;4mg[0m[4;2;4m.[0m[4;2;4mg[0m[4;2;4mo[0m[4;2;4m%[0m[4;2;4m3[0m[4;2;4mA[0m[4;2;4m1[0m[4;2;4m6[0m[4;2;4m4[0m[4;2;4m8[0m[4;2;4m+[0m[4;2;4m%[0m[4;2;4m2[0m[4;2;4mB[0m[4;2;4m%[0m[4;2;4m3[0m[4;2;4mC[0m[4;2;4mh[0m[4;2;4me[0m[4;2;4mx[0m[4;2;4m%[0m[4;2;4m3[0m[4;2;4mE[0m[4;2;4m%[0m[4;2;4m0[0m[4;2;4mA[0m[4;2;4m%[0m[4;2;4m6[0m[4;2;4m0[0m[4;2;4m%[0m[4;2;4m6[0m[4;2;4m0[0m[4;2;4m%[0m[4;2;4m6[0m[4;2;4m0[0m[4;2;4m%[0m[4;2;4m0[0m[4;2;4mA[0m[4;2;4m%[0m[4;2;4m2[0m[4;2;4mA[0m[4;2;4m%[0m[4;2;4m2[0m[4;2;4mA[0m[4;2;4mS[0m[4;2;4mt[0m[4;2;4md[0m[4;2;4mo[0m[4;2;4mu[0m[4;2;4mt[0m[4;2;4m%[0m[4;2;4m3[0m[4;2;4mA[0m[4;2;4m%[0m[4;2;4m2[0m[4;2;4mA[0m[4;2;4m%[0m[4;2;4m2[0m[4;2;4mA[0m[4;2;4m%[0m[4;2;4m0[0m[4;2;4mA[0m[4;2;4m%[0m[4;2;4m6[0m[4;2;4m0[0m[4;2;4m%[0m[4;2;4m6[0m[4;2;4m0[0m[4;2;4m%[0m[4;2;4m6[0m[4;2;4m0[0m[4;2;4m%[0m[4;2;4m0[0m[4;2;4mA[0m[4;2;4m%[0m[4;2;4m2[0m[4;2;4m3[0m[4;2;4m+[0m[4;2;4mT[0m[4;2;4me[0m[4;2;4ms[0m[4;2;4mt[0m[4;2;4m+[0m[4;2;4mp[0m[4;2;4ma[0m[4;2;4mn[0m[4;2;4mi[0m[4;2;4mc[0m[4;2;4m+[0m[4;2;4m%[0m[4;2;4m6[0m[4;2;4m0[0m[4;2;4ma[0m[4;2;4mn[0m[4;2;4mc[0m[4;2;4mh[0m[4;2;4mo[0m[4;2;4mr[0m[4;2;4m+[0m[4;2;4mt[0m[4;2;4me[0m[4;2;4ms[0m[4;2;4mt[0m[4;2;4m+[0m[4;2;4mp[0m[4;2;4ma[0m[4;2;4mn[0m[4;2;4mi[0m[4;2;4mc[0m[4;2;4m%[0m[4;2;4m6[0m[4;2;4m0[0m[4;2;4m%[0m[4;2;4m0[0m[4;2;4mA[0m[4;2;4m+[0m[4;2;4m+[0m[4;2;4m+[0m[4;2;4m+[0m[4;2;4m%[0m[4;2;4m7[0m[4;2;4mC[0m[4;2;4m+[0m[4;2;4mT[0m[4;2;4me[0m[4;2;4ms[0m[4;2;4mt[0m[4;2;4m+[0m[4;2;4mp[0m[4;2;4ma[0m[4;2;4mn[0m[4;2;4mi[0m[4;2;4mc[0m[4;2;4m+[0m[4;2;4mH[0m[4;2;4mi[0m[4;2;4mn[0m[4;2;4mt[0m[4;2;4m.[0m[4;2;4m%[0m[4;2;4m0[0m[4;2;4mA[0m[4;2;4m%[0m[4;2;4m6[0m[4;2;4m0[0m[4;2;4m%[0m[4;2;4m6[0m[4;2;4m0[0m[4;2;4m%[0m[4;2;4m6[0m[4;2;4m0[0m[4;2;4m%[0m[4;2;4m0[0m[4;2;4mA[0m[4;2;4m&[0m[4;2;4mt[0m[4;2;4mi[0m[4;2;4mt[0m[4;2;4ml[0m[4;2;4me[0m[4;2;4m=[0m[4;2;4mE[0m[4;2;4mr[0m[4;2;4mr[0m[4;2;4mo[0m[4;2;4mr[0m[4;2;4m%[0m[4;2;4m3[0m[4;2;4mA[0m[4;2;4m+[0m[4;2;4mt[0m[4;2;4me[0m[4;2;4ms[0m[4;2;4mt[0m[4;2;4m+[0m[4;2;4mp[0m[4;2;4ma[0m[4;2;4mn[0m[4;2;4mi[0m[4;2;4mc[0m.
