Manage Anchor.dev Authentication

Usage:
  anchor auth [flags]
  anchor auth [command]

Available Commands:
  signin      Authenticate With Your Account
  signout     Invalidate Local Anchor Session
  whoami      Identify Current Anchor.dev Account

Flags:
  -h, --help   help for auth

Use "anchor auth [command] --help" for more information about a command.
