Audit lcl.host HTTPS Local Development Environment

Usage:
  anchor lcl audit [flags]

Flags:
  -h, --help   help for audit

Global Flags:
      --api-token string   Anchor API personal access token (PAT).
      --config string      Service configuration file. (default "anchor.toml")
      --skip-config        Skip loading configuration file.
