─── Fetcher[github.com/anchordotdev/cli/api.Organization] ──────────────────────
    * Fetching organizations…⠋
─── Fetcher[github.com/anchordotdev/cli/api.Organization] ──────────────────────
    - Using solo-org-slug, the only available organization. You can also use `--org solo-org-slug`.
