[?25l    * Comparing local stores to expected CA certificatesâ€¦*
[128D[2K[1A[128D[2K    - Compared local stores to expected CA certificates: need to install 2 missing certificates.
   ! Installing 0 missing certificates. (requires sudo)
    - Updated Mock: installed ankydotdev/localhost - AnchorCA [RSA, ECDSA]
[128D[2K[?25h[?1002l[?1003l[?1006l
