─── ConfigFileLoaded ───────────────────────────────────────────────────────────
    - Loaded anchor.toml configuration. You can use `--skip-config` to ignore this file.
